=== GARANTIAS SAVE DEBUG 2025-12-30T17:00:46-05:00 ===
POST: Array
(
    [solicitud_id] => 3
    [cantidad] => Array
        (
            [0] => 1
        )

    [nombre] => Array
        (
            [0] => na
        )

    [modelo] => Array
        (
            [0] => na
        )

    [marca] => Array
        (
            [0] => na
        )

    [n_serie] => Array
        (
            [0] => na
        )

    [costo] => Array
        (
            [0] => 100
        )

    [tiempo_vida] => Array
        (
            [0] => 2
        )

    [total] => 100.00
)

_FILES: Array
(
)

RAW: 

=== GARANTIAS SAVE DEBUG 2025-12-30T17:01:26-05:00 ===
POST: Array
(
    [solicitud_id] => 3
    [cantidad] => Array
        (
            [0] => 1
        )

    [nombre] => Array
        (
            [0] => na
        )

    [modelo] => Array
        (
            [0] => na
        )

    [marca] => Array
        (
            [0] => na
        )

    [n_serie] => Array
        (
            [0] => na
        )

    [costo] => Array
        (
            [0] => 100
        )

    [tiempo_vida] => Array
        (
            [0] => 2
        )

    [total] => 100.00
)

_FILES: Array
(
)

RAW: 

=== GARANTIAS SAVE DEBUG 2025-12-30T17:01:36-05:00 ===
POST: Array
(
    [solicitud_id] => 3
    [cantidad] => Array
        (
            [0] => 1
        )

    [nombre] => Array
        (
            [0] => na
        )

    [modelo] => Array
        (
            [0] => na
        )

    [marca] => Array
        (
            [0] => na
        )

    [n_serie] => Array
        (
            [0] => na
        )

    [costo] => Array
        (
            [0] => 100
        )

    [tiempo_vida] => Array
        (
            [0] => 2
        )

    [total] => 100.00
)

_FILES: Array
(
)

RAW: 

=== GARANTIAS SAVE DEBUG 2025-12-30T17:01:38-05:00 ===
POST: Array
(
    [solicitud_id] => 3
    [cantidad] => Array
        (
            [0] => 1
        )

    [nombre] => Array
        (
            [0] => na
        )

    [modelo] => Array
        (
            [0] => na
        )

    [marca] => Array
        (
            [0] => na
        )

    [n_serie] => Array
        (
            [0] => na
        )

    [costo] => Array
        (
            [0] => 100
        )

    [tiempo_vida] => Array
        (
            [0] => 2
        )

    [total] => 100.00
)

_FILES: Array
(
)

RAW: 

=== GARANTIAS SAVE DEBUG 2025-12-30T17:03:31-05:00 ===
POST: Array
(
    [solicitud_id] => 3
    [cantidad] => Array
        (
            [0] => 1
        )

    [nombre] => Array
        (
            [0] => na
        )

    [modelo] => Array
        (
            [0] => na
        )

    [marca] => Array
        (
            [0] => na
        )

    [n_serie] => Array
        (
            [0] => na
        )

    [costo] => Array
        (
            [0] => 100
        )

    [tiempo_vida] => Array
        (
            [0] => 2
        )

    [total] => 100.00
)

_FILES: Array
(
)

RAW: 

=== GARANTIAS SAVE DEBUG 2025-12-30T17:03:47-05:00 ===
POST: Array
(
    [solicitud_id] => 3
    [cantidad] => Array
        (
            [0] => 1
        )

    [nombre] => Array
        (
            [0] => na
        )

    [modelo] => Array
        (
            [0] => na
        )

    [marca] => Array
        (
            [0] => na
        )

    [n_serie] => Array
        (
            [0] => na
        )

    [costo] => Array
        (
            [0] => 100
        )

    [tiempo_vida] => Array
        (
            [0] => 2
        )

    [total] => 100.00
)

_FILES: Array
(
)

RAW: 

=== GARANTIAS SAVE DEBUG 2025-12-30T17:07:29-05:00 ===
POST: Array
(
    [solicitud_id] => 3
    [cantidad] => Array
        (
            [0] => 1
        )

    [nombre] => Array
        (
            [0] => na
        )

    [modelo] => Array
        (
            [0] => na
        )

    [marca] => Array
        (
            [0] => na
        )

    [n_serie] => Array
        (
            [0] => na
        )

    [costo] => Array
        (
            [0] => 100
        )

    [tiempo_vida] => Array
        (
            [0] => 2
        )

    [total] => 100.00
)

_FILES: Array
(
)

RAW: 

=== GARANTIAS SAVE DEBUG 2025-12-30T17:21:19-05:00 ===
POST: Array
(
    [solicitud_id] => 3
    [cantidad] => Array
        (
            [0] => 11
        )

    [nombre] => Array
        (
            [0] => na
        )

    [modelo] => Array
        (
            [0] => na
        )

    [marca] => Array
        (
            [0] => na
        )

    [n_serie] => Array
        (
            [0] => na
        )

    [costo] => Array
        (
            [0] => 100
        )

    [tiempo_vida] => Array
        (
            [0] => 2
        )

    [total] => 1100.00
)

_FILES: Array
(
)

RAW: 

=== GARANTIAS SAVE DEBUG 2025-12-30T17:26:41-05:00 ===
POST: Array
(
    [solicitud_id] => 3
    [cantidad] => Array
        (
            [0] => 2
        )

    [nombre] => Array
        (
            [0] => na
        )

    [modelo] => Array
        (
            [0] => na
        )

    [marca] => Array
        (
            [0] => na
        )

    [n_serie] => Array
        (
            [0] => na
        )

    [costo] => Array
        (
            [0] => 100
        )

    [tiempo_vida] => Array
        (
            [0] => 2
        )

    [total] => 200.00
)

_FILES: Array
(
)

RAW: 

=== GARANTIAS SAVE DEBUG 2025-12-30T17:35:15-05:00 ===
POST: Array
(
    [solicitud_id] => 3
    [cantidad] => Array
        (
            [0] => 1
        )

    [nombre] => Array
        (
            [0] => na
        )

    [modelo] => Array
        (
            [0] => na
        )

    [marca] => Array
        (
            [0] => na
        )

    [n_serie] => Array
        (
            [0] => na
        )

    [costo] => Array
        (
            [0] => 100
        )

    [tiempo_vida] => Array
        (
            [0] => 2
        )

    [total] => 100.00
)

_FILES: Array
(
)

RAW: 

=== GARANTIAS SAVE DEBUG 2025-12-30T17:37:23-05:00 ===
POST: Array
(
    [solicitud_id] => 3
    [cantidad] => Array
        (
            [0] => 1
        )

    [nombre] => Array
        (
            [0] => na
        )

    [modelo] => Array
        (
            [0] => na
        )

    [marca] => Array
        (
            [0] => na
        )

    [n_serie] => Array
        (
            [0] => na
        )

    [costo] => Array
        (
            [0] => 2
        )

    [tiempo_vida] => Array
        (
            [0] => 2
        )

    [total] => 2.00
)

_FILES: Array
(
)

RAW: 

=== GARANTIAS SAVE DEBUG 2025-12-30T17:39:10-05:00 ===
POST: Array
(
    [solicitud_id] => 3
    [cantidad] => Array
        (
            [0] => 1
        )

    [nombre] => Array
        (
            [0] => na
        )

    [modelo] => Array
        (
            [0] => na
        )

    [marca] => Array
        (
            [0] => na
        )

    [n_serie] => Array
        (
            [0] => na
        )

    [costo] => Array
        (
            [0] => 3
        )

    [tiempo_vida] => Array
        (
            [0] => 2
        )

    [total] => 3.00
)

_FILES: Array
(
    [fotos] => Array
        (
            [name] => Array
                (
                    [0] => Array
                        (
                            [0] => OIP.webp
                        )

                )

            [type] => Array
                (
                    [0] => Array
                        (
                            [0] => image/webp
                        )

                )

            [tmp_name] => Array
                (
                    [0] => Array
                        (
                            [0] => C:\xampp\tmp\php38F.tmp
                        )

                )

            [error] => Array
                (
                    [0] => Array
                        (
                            [0] => 0
                        )

                )

            [size] => Array
                (
                    [0] => Array
                        (
                            [0] => 3816
                        )

                )

        )

)

RAW: 

=== GARANTIAS SAVE DEBUG 2025-12-30T17:41:32-05:00 ===
POST: Array
(
    [solicitud_id] => 3
    [cantidad] => Array
        (
            [0] => 1
        )

    [nombre] => Array
        (
            [0] => na
        )

    [modelo] => Array
        (
            [0] => na
        )

    [marca] => Array
        (
            [0] => na
        )

    [n_serie] => Array
        (
            [0] => na
        )

    [costo] => Array
        (
            [0] => 3
        )

    [tiempo_vida] => Array
        (
            [0] => 2
        )

    [total] => 3.00
)

_FILES: Array
(
)

RAW: 

=== GARANTIAS SAVE DEBUG 2025-12-30T17:45:21-05:00 ===
POST: Array
(
    [costo] => Array
        (
            [0] => 3
        )

    [nombre] => Array
        (
            [0] => na
        )

    [marca] => Array
        (
            [0] => na
        )

    [cantidad] => Array
        (
            [0] => 1
        )

    [modelo] => Array
        (
            [0] => na
        )

    [n_serie] => Array
        (
            [0] => na
        )

    [tiempo_vida] => Array
        (
            [0] => 2
        )

    [solicitud_id] => 3
)

_FILES: Array
(
)

RAW: costo%5B%5D=3&nombre%5B%5D=na&marca%5B%5D=na&cantidad%5B%5D=1&modelo%5B%5D=na&n_serie%5B%5D=na&tiempo_vida%5B%5D=2&solicitud_id=3

=== GARANTIAS SAVE DEBUG 2025-12-30T17:46:02-05:00 ===
POST: Array
(
    [costo] => Array
        (
            [0] => 3
        )

    [nombre] => Array
        (
            [0] => na
        )

    [marca] => Array
        (
            [0] => na
        )

    [cantidad] => Array
        (
            [0] => 1
        )

    [modelo] => Array
        (
            [0] => na
        )

    [n_serie] => Array
        (
            [0] => na
        )

    [tiempo_vida] => Array
        (
            [0] => 2
        )

    [solicitud_id] => 3
)

_FILES: Array
(
)

RAW: costo%5B%5D=3&nombre%5B%5D=na&marca%5B%5D=na&cantidad%5B%5D=1&modelo%5B%5D=na&n_serie%5B%5D=na&tiempo_vida%5B%5D=2&solicitud_id=3

--- SAVE START 2025-12-30T17:46:39-05:00 ---
=== GARANTIAS SAVE DEBUG 2025-12-30T17:46:39-05:00 ===
POST: Array
(
    [costo] => Array
        (
            [0] => 3
        )

    [nombre] => Array
        (
            [0] => na
        )

    [marca] => Array
        (
            [0] => na
        )

    [cantidad] => Array
        (
            [0] => 1
        )

    [modelo] => Array
        (
            [0] => na
        )

    [n_serie] => Array
        (
            [0] => na
        )

    [tiempo_vida] => Array
        (
            [0] => 2
        )

    [solicitud_id] => 3
)

_FILES: Array
(
)

RAW: costo%5B%5D=3&nombre%5B%5D=na&marca%5B%5D=na&cantidad%5B%5D=1&modelo%5B%5D=na&n_serie%5B%5D=na&tiempo_vida%5B%5D=2&solicitud_id=3

UPLOAD DIR prepared: C:\xampp\htdocs\servicredit\uploads/garantias/solicitud_3/
ROWCOUNT=1
PROCESSING ROW=0
--- SAVE START 2025-12-30T17:50:08-05:00 ---
=== GARANTIAS SAVE DEBUG 2025-12-30T17:50:08-05:00 ===
POST: Array
(
    [costo] => Array
        (
            [0] => 3
        )

    [nombre] => Array
        (
            [0] => na
        )

    [marca] => Array
        (
            [0] => na
        )

    [cantidad] => Array
        (
            [0] => 1
        )

    [modelo] => Array
        (
            [0] => na
        )

    [n_serie] => Array
        (
            [0] => na
        )

    [tiempo_vida] => Array
        (
            [0] => 2
        )

    [solicitud_id] => 3
)

_FILES: Array
(
)

RAW: costo%5B%5D=3&nombre%5B%5D=na&marca%5B%5D=na&cantidad%5B%5D=1&modelo%5B%5D=na&n_serie%5B%5D=na&tiempo_vida%5B%5D=2&solicitud_id=3

UPLOAD DIR prepared: C:\xampp\htdocs\servicredit\uploads/garantias/solicitud_3/
ROWCOUNT=1
PROCESSING ROW=0
ROW_DATA: Array
(
    [solicitud_id] => 3
    [nombre] => na
    [cantidad] => 1
    [marca] => na
    [modelo] => na
    [n_serie] => na
    [costo] => 3
    [tiempo_vida] => 2
)

--- SAVE START 2025-12-30T17:50:25-05:00 ---
=== GARANTIAS SAVE DEBUG 2025-12-30T17:50:25-05:00 ===
POST: Array
(
    [costo] => Array
        (
            [0] => 3
        )

    [nombre] => Array
        (
            [0] => na
        )

    [marca] => Array
        (
            [0] => na
        )

    [cantidad] => Array
        (
            [0] => 1
        )

    [modelo] => Array
        (
            [0] => na
        )

    [n_serie] => Array
        (
            [0] => na
        )

    [tiempo_vida] => Array
        (
            [0] => 2
        )

    [solicitud_id] => 3
)

_FILES: Array
(
)

RAW: costo%5B%5D=3&nombre%5B%5D=na&marca%5B%5D=na&cantidad%5B%5D=1&modelo%5B%5D=na&n_serie%5B%5D=na&tiempo_vida%5B%5D=2&solicitud_id=3

UPLOAD DIR prepared: C:\xampp\htdocs\servicredit\uploads/garantias/solicitud_3/
ROWCOUNT=1
PROCESSING ROW=0
ROW_DATA: Array
(
    [solicitud_id] => 3
    [nombre] => na
    [cantidad] => 1
    [marca] => na
    [modelo] => na
    [n_serie] => na
    [costo] => 3
    [tiempo_vida] => 2
)

WILL INSERT rowIndex=0
--- SAVE START 2025-12-30T17:50:43-05:00 ---
=== GARANTIAS SAVE DEBUG 2025-12-30T17:50:43-05:00 ===
POST: Array
(
    [costo] => Array
        (
            [0] => 3
        )

    [nombre] => Array
        (
            [0] => na
        )

    [marca] => Array
        (
            [0] => na
        )

    [cantidad] => Array
        (
            [0] => 1
        )

    [modelo] => Array
        (
            [0] => na
        )

    [n_serie] => Array
        (
            [0] => na
        )

    [tiempo_vida] => Array
        (
            [0] => 2
        )

    [solicitud_id] => 3
)

_FILES: Array
(
)

RAW: costo%5B%5D=3&nombre%5B%5D=na&marca%5B%5D=na&cantidad%5B%5D=1&modelo%5B%5D=na&n_serie%5B%5D=na&tiempo_vida%5B%5D=2&solicitud_id=3

UPLOAD DIR prepared: C:\xampp\htdocs\servicredit\uploads/garantias/solicitud_3/
ROWCOUNT=1
PROCESSING ROW=0
ROW_DATA: Array
(
    [solicitud_id] => 3
    [nombre] => na
    [cantidad] => 1
    [marca] => na
    [modelo] => na
    [n_serie] => na
    [costo] => 3
    [tiempo_vida] => 2
)

WILL INSERT rowIndex=0
--- SAVE START 2025-12-30T17:51:17-05:00 ---
=== GARANTIAS SAVE DEBUG 2025-12-30T17:51:17-05:00 ===
POST: Array
(
    [costo] => Array
        (
            [0] => 3
        )

    [nombre] => Array
        (
            [0] => na
        )

    [marca] => Array
        (
            [0] => na
        )

    [cantidad] => Array
        (
            [0] => 1
        )

    [modelo] => Array
        (
            [0] => na
        )

    [n_serie] => Array
        (
            [0] => na
        )

    [tiempo_vida] => Array
        (
            [0] => 2
        )

    [solicitud_id] => 3
)

_FILES: Array
(
)

RAW: costo%5B%5D=3&nombre%5B%5D=na&marca%5B%5D=na&cantidad%5B%5D=1&modelo%5B%5D=na&n_serie%5B%5D=na&tiempo_vida%5B%5D=2&solicitud_id=3

UPLOAD DIR prepared: C:\xampp\htdocs\servicredit\uploads/garantias/solicitud_3/
ROWCOUNT=1
PROCESSING ROW=0
ROW_DATA: Array
(
    [solicitud_id] => 3
    [nombre] => na
    [cantidad] => 1
    [marca] => na
    [modelo] => na
    [n_serie] => na
    [costo] => 3
    [tiempo_vida] => 2
)

WILL INSERT rowIndex=0
DB INSERT START: Array
(
    [solicitud_id] => 3
    [nombre] => na
    [cantidad] => 1
    [marca] => na
    [modelo] => na
    [n_serie] => na
    [costo] => 3
    [tiempo_vida] => 2
)

--- SAVE START 2025-12-30T17:58:51-05:00 ---
=== GARANTIAS SAVE DEBUG 2025-12-30T17:58:51-05:00 ===
POST: Array
(
    [costo] => Array
        (
            [0] => 3
        )

    [nombre] => Array
        (
            [0] => na
        )

    [marca] => Array
        (
            [0] => na
        )

    [cantidad] => Array
        (
            [0] => 1
        )

    [modelo] => Array
        (
            [0] => na
        )

    [n_serie] => Array
        (
            [0] => na
        )

    [tiempo_vida] => Array
        (
            [0] => 2
        )

    [solicitud_id] => 3
)

_FILES: Array
(
)

RAW: costo%5B%5D=3&nombre%5B%5D=na&marca%5B%5D=na&cantidad%5B%5D=1&modelo%5B%5D=na&n_serie%5B%5D=na&tiempo_vida%5B%5D=2&solicitud_id=3

UPLOAD DIR prepared: C:\xampp\htdocs\servicredit\uploads/garantias/solicitud_3/
ROWCOUNT=1
PROCESSING ROW=0
ROW_DATA: Array
(
    [solicitud_id] => 3
    [nombre] => na
    [cantidad] => 1
    [marca] => na
    [modelo] => na
    [n_serie] => na
    [costo] => 3
    [tiempo_vida] => 2
)

WILL UPDATE garantia_id=1
UPDATED garantia_id=1 rowIndex=0
SAVE completed for solicitud_id=3
=== GARANTIAS SAVE DEBUG 2025-12-30T18:04:32-05:00 ===
POST: Array
(
    [solicitud_id] => 3
    [cantidad] => Array
        (
            [0] => 1
        )

    [nombre] => Array
        (
            [0] => na
        )

    [modelo] => Array
        (
            [0] => na
        )

    [marca] => Array
        (
            [0] => na
        )

    [n_serie] => Array
        (
            [0] => na
        )

    [costo] => Array
        (
            [0] => 3.00
        )

    [tiempo_vida] => Array
        (
            [0] => 2
        )

    [total] => 3.00
)

_FILES: Array
(
)

RAW: 

SAVE completed for solicitud_id=3
=== GARANTIAS SAVE DEBUG 2026-01-06T11:36:37-05:00 ===
POST: Array
(
    [solicitud_id] => 4
    [cantidad] => Array
        (
            [0] => 1
            [1] => 1
            [2] => 2
        )

    [nombre] => Array
        (
            [0] => Vitrinas 
            [1] => Vitrina lateral
            [2] => Vitrina Grande
        )

    [modelo] => Array
        (
            [0] => Vertical
            [1] => Lateral
            [2] => Horizontal
        )

    [marca] => Array
        (
            [0] => NA
            [1] => NA
            [2] => NA
        )

    [n_serie] => Array
        (
            [0] => NA
            [1] => NA
            [2] => NA
        )

    [costo] => Array
        (
            [0] => 3000
            [1] => 3000
            [2] => 4000
        )

    [tiempo_vida] => Array
        (
            [0] => 6
            [1] => 6
            [2] => 9
        )

    [total] => 14000.00
)

_FILES: Array
(
    [fotos] => Array
        (
            [name] => Array
                (
                    [0] => Array
                        (
                            [0] => R.jpg
                        )

                )

            [type] => Array
                (
                    [0] => Array
                        (
                            [0] => image/jpeg
                        )

                )

            [tmp_name] => Array
                (
                    [0] => Array
                        (
                            [0] => C:\xampp\tmp\phpD194.tmp
                        )

                )

            [error] => Array
                (
                    [0] => Array
                        (
                            [0] => 0
                        )

                )

            [size] => Array
                (
                    [0] => Array
                        (
                            [0] => 300328
                        )

                )

        )

)

RAW: 

=== GARANTIAS SAVE DEBUG 2026-01-06T11:36:49-05:00 ===
POST: Array
(
    [solicitud_id] => 4
    [cantidad] => Array
        (
            [0] => 1
            [1] => 1
            [2] => 2
        )

    [nombre] => Array
        (
            [0] => Vitrinas 
            [1] => Vitrina lateral
            [2] => Vitrina Grande
        )

    [modelo] => Array
        (
            [0] => Vertical
            [1] => Lateral
            [2] => Horizontal
        )

    [marca] => Array
        (
            [0] => NA
            [1] => NA
            [2] => NA
        )

    [n_serie] => Array
        (
            [0] => NA
            [1] => NA
            [2] => NA
        )

    [costo] => Array
        (
            [0] => 3000
            [1] => 3000
            [2] => 4000
        )

    [tiempo_vida] => Array
        (
            [0] => 6
            [1] => 6
            [2] => 9
        )

    [total] => 14000.00
)

_FILES: Array
(
    [fotos] => Array
        (
            [name] => Array
                (
                    [0] => Array
                        (
                            [0] => R.jpg
                        )

                    [1] => Array
                        (
                            [0] => R.jpg
                        )

                    [2] => Array
                        (
                            [0] => R.jpg
                        )

                )

            [type] => Array
                (
                    [0] => Array
                        (
                            [0] => image/jpeg
                        )

                    [1] => Array
                        (
                            [0] => image/jpeg
                        )

                    [2] => Array
                        (
                            [0] => image/jpeg
                        )

                )

            [tmp_name] => Array
                (
                    [0] => Array
                        (
                            [0] => C:\xampp\tmp\phpFE81.tmp
                        )

                    [1] => Array
                        (
                            [0] => C:\xampp\tmp\phpFE82.tmp
                        )

                    [2] => Array
                        (
                            [0] => C:\xampp\tmp\phpFE83.tmp
                        )

                )

            [error] => Array
                (
                    [0] => Array
                        (
                            [0] => 0
                        )

                    [1] => Array
                        (
                            [0] => 0
                        )

                    [2] => Array
                        (
                            [0] => 0
                        )

                )

            [size] => Array
                (
                    [0] => Array
                        (
                            [0] => 300328
                        )

                    [1] => Array
                        (
                            [0] => 300328
                        )

                    [2] => Array
                        (
                            [0] => 300328
                        )

                )

        )

)

RAW: 

=== GARANTIAS SAVE DEBUG 2026-01-06T11:37:40-05:00 ===
POST: Array
(
    [solicitud_id] => 4
    [cantidad] => Array
        (
            [0] => 1
            [1] => 2
        )

    [nombre] => Array
        (
            [0] => Vitrinas
            [1] => Vitrinaa
        )

    [modelo] => Array
        (
            [0] => Vertical
            [1] => Horizontal
        )

    [marca] => Array
        (
            [0] => NA
            [1] => NA
        )

    [n_serie] => Array
        (
            [0] => NA
            [1] => NA
        )

    [costo] => Array
        (
            [0] => 3000.00
            [1] => 4000
        )

    [tiempo_vida] => Array
        (
            [0] => 6
            [1] => 7
        )

    [total] => 11000.00
)

_FILES: Array
(
)

RAW: 

SAVE completed for solicitud_id=4
=== GARANTIAS SAVE DEBUG 2026-01-06T11:37:51-05:00 ===
POST: Array
(
    [solicitud_id] => 4
    [cantidad] => Array
        (
            [0] => 1
            [1] => 2
        )

    [nombre] => Array
        (
            [0] => Vitrinas
            [1] => Vitrinaa
        )

    [modelo] => Array
        (
            [0] => Vertical
            [1] => Horizontal
        )

    [marca] => Array
        (
            [0] => NA
            [1] => NA
        )

    [n_serie] => Array
        (
            [0] => NA
            [1] => NA
        )

    [costo] => Array
        (
            [0] => 3000.00
            [1] => 4000.00
        )

    [tiempo_vida] => Array
        (
            [0] => 6
            [1] => 7
        )

    [total] => 11000.00
)

_FILES: Array
(
    [fotos] => Array
        (
            [name] => Array
                (
                    [0] => Array
                        (
                            [0] => R.jpg
                        )

                )

            [type] => Array
                (
                    [0] => Array
                        (
                            [0] => image/jpeg
                        )

                )

            [tmp_name] => Array
                (
                    [0] => Array
                        (
                            [0] => C:\xampp\tmp\phpF17F.tmp
                        )

                )

            [error] => Array
                (
                    [0] => Array
                        (
                            [0] => 0
                        )

                )

            [size] => Array
                (
                    [0] => Array
                        (
                            [0] => 300328
                        )

                )

        )

)

RAW: 

=== GARANTIAS SAVE DEBUG 2026-01-06T11:37:58-05:00 ===
POST: Array
(
    [solicitud_id] => 4
    [cantidad] => Array
        (
            [0] => 1
            [1] => 2
        )

    [nombre] => Array
        (
            [0] => Vitrinas
            [1] => Vitrinaa
        )

    [modelo] => Array
        (
            [0] => Vertical
            [1] => Horizontal
        )

    [marca] => Array
        (
            [0] => NA
            [1] => NA
        )

    [n_serie] => Array
        (
            [0] => NA
            [1] => NA
        )

    [costo] => Array
        (
            [0] => 3000.00
            [1] => 4000.00
        )

    [tiempo_vida] => Array
        (
            [0] => 6
            [1] => 7
        )

    [total] => 11000.00
)

_FILES: Array
(
    [fotos] => Array
        (
            [name] => Array
                (
                    [0] => Array
                        (
                            [0] => R.jpg
                        )

                    [1] => Array
                        (
                            [0] => R.jpg
                        )

                )

            [type] => Array
                (
                    [0] => Array
                        (
                            [0] => image/jpeg
                        )

                    [1] => Array
                        (
                            [0] => image/jpeg
                        )

                )

            [tmp_name] => Array
                (
                    [0] => Array
                        (
                            [0] => C:\xampp\tmp\phpE40.tmp
                        )

                    [1] => Array
                        (
                            [0] => C:\xampp\tmp\phpE41.tmp
                        )

                )

            [error] => Array
                (
                    [0] => Array
                        (
                            [0] => 0
                        )

                    [1] => Array
                        (
                            [0] => 0
                        )

                )

            [size] => Array
                (
                    [0] => Array
                        (
                            [0] => 300328
                        )

                    [1] => Array
                        (
                            [0] => 300328
                        )

                )

        )

)

RAW: 

=== GARANTIAS SAVE DEBUG 2026-01-07T11:15:13-05:00 ===
POST: Array
(
    [solicitud_id] => 3
    [cantidad] => Array
        (
            [0] => 1
            [1] => 1
        )

    [nombre] => Array
        (
            [0] => na
            [1] => nann
        )

    [modelo] => Array
        (
            [0] => na
            [1] => na
        )

    [marca] => Array
        (
            [0] => na
            [1] => na
        )

    [n_serie] => Array
        (
            [0] => na
            [1] => na
        )

    [costo] => Array
        (
            [0] => 3.00
            [1] => 3
        )

    [tiempo_vida] => Array
        (
            [0] => 2
            [1] => 2
        )

    [total] => 6.00
)

_FILES: Array
(
)

RAW: 

SAVE completed for solicitud_id=3
=== GARANTIAS SAVE DEBUG 2026-01-07T11:25:27-05:00 ===
POST: Array
(
    [solicitud_id] => 3
    [cantidad] => Array
        (
            [0] => 1
            [1] => 1
        )

    [nombre] => Array
        (
            [0] => na
            [1] => nann
        )

    [modelo] => Array
        (
            [0] => na
            [1] => na
        )

    [marca] => Array
        (
            [0] => na
            [1] => na
        )

    [n_serie] => Array
        (
            [0] => na
            [1] => na
        )

    [costo] => Array
        (
            [0] => 3.00
            [1] => 3.00
        )

    [tiempo_vida] => Array
        (
            [0] => 2
            [1] => 2
        )

    [total] => 6.00
)

_FILES: Array
(
    [fotos] => Array
        (
            [name] => Array
                (
                    [0] => Array
                        (
                            [0] => R.jpg
                        )

                )

            [type] => Array
                (
                    [0] => Array
                        (
                            [0] => image/jpeg
                        )

                )

            [tmp_name] => Array
                (
                    [0] => Array
                        (
                            [0] => C:\xampp\tmp\phpC139.tmp
                        )

                )

            [error] => Array
                (
                    [0] => Array
                        (
                            [0] => 0
                        )

                )

            [size] => Array
                (
                    [0] => Array
                        (
                            [0] => 300328
                        )

                )

        )

)

RAW: 

=== GARANTIAS SAVE DEBUG 2026-01-07T11:29:59-05:00 ===
POST: Array
(
    [solicitud_id] => 3
    [cantidad] => Array
        (
            [0] => 1
            [1] => 1
        )

    [nombre] => Array
        (
            [0] => na
            [1] => nann
        )

    [modelo] => Array
        (
            [0] => na
            [1] => na
        )

    [marca] => Array
        (
            [0] => na
            [1] => na
        )

    [n_serie] => Array
        (
            [0] => na
            [1] => na
        )

    [costo] => Array
        (
            [0] => 3.00
            [1] => 3.00
        )

    [tiempo_vida] => Array
        (
            [0] => 2
            [1] => 2
        )

    [total] => 6.00
)

_FILES: Array
(
    [fotos] => Array
        (
            [name] => Array
                (
                    [0] => Array
                        (
                            [0] => R.jpg
                        )

                )

            [type] => Array
                (
                    [0] => Array
                        (
                            [0] => image/jpeg
                        )

                )

            [tmp_name] => Array
                (
                    [0] => Array
                        (
                            [0] => C:\xampp\tmp\phpE827.tmp
                        )

                )

            [error] => Array
                (
                    [0] => Array
                        (
                            [0] => 0
                        )

                )

            [size] => Array
                (
                    [0] => Array
                        (
                            [0] => 300328
                        )

                )

        )

)

RAW: 

SAVE completed for solicitud_id=6
=== GARANTIAS SAVE DEBUG 2026-01-07T11:35:03-05:00 ===
POST: Array
(
    [solicitud_id] => 3
    [cantidad] => Array
        (
            [0] => 1
            [1] => 1
        )

    [nombre] => Array
        (
            [0] => na
            [1] => nann
        )

    [modelo] => Array
        (
            [0] => na
            [1] => na
        )

    [marca] => Array
        (
            [0] => na
            [1] => na
        )

    [n_serie] => Array
        (
            [0] => na
            [1] => na
        )

    [costo] => Array
        (
            [0] => 3.00
            [1] => 3.00
        )

    [tiempo_vida] => Array
        (
            [0] => 2
            [1] => 2
        )

    [total] => 6.00
)

_FILES: Array
(
    [fotos] => Array
        (
            [name] => Array
                (
                    [0] => Array
                        (
                            [0] => R.jpg
                        )

                )

            [type] => Array
                (
                    [0] => Array
                        (
                            [0] => image/jpeg
                        )

                )

            [tmp_name] => Array
                (
                    [0] => Array
                        (
                            [0] => C:\xampp\tmp\php8A7F.tmp
                        )

                )

            [error] => Array
                (
                    [0] => Array
                        (
                            [0] => 0
                        )

                )

            [size] => Array
                (
                    [0] => Array
                        (
                            [0] => 300328
                        )

                )

        )

)

RAW: 

=== GARANTIAS SAVE DEBUG 2026-01-07T15:48:13-05:00 ===
POST: Array
(
    [solicitud_id] => 5
    [cantidad] => Array
        (
            [0] => 1
        )

    [nombre] => Array
        (
            [0] => na
        )

    [modelo] => Array
        (
            [0] => na
        )

    [marca] => Array
        (
            [0] => na
        )

    [n_serie] => Array
        (
            [0] => na
        )

    [costo] => Array
        (
            [0] => 100
        )

    [tiempo_vida] => Array
        (
            [0] => 3
        )

    [total] => 100.00
)

_FILES: Array
(
    [fotos] => Array
        (
            [name] => Array
                (
                    [0] => Array
                        (
                            [0] => R.jpg
                        )

                )

            [type] => Array
                (
                    [0] => Array
                        (
                            [0] => image/jpeg
                        )

                )

            [tmp_name] => Array
                (
                    [0] => Array
                        (
                            [0] => C:\xampp\tmp\php4E5C.tmp
                        )

                )

            [error] => Array
                (
                    [0] => Array
                        (
                            [0] => 0
                        )

                )

            [size] => Array
                (
                    [0] => Array
                        (
                            [0] => 300328
                        )

                )

        )

)

RAW: 

CHECKPOINT 1: Loaded existing rows
CHECKPOINT 2: Got POST data
CHECKPOINT 3: rowCount=1
CHECKPOINT 4: Processing row 0
CHECKPOINT 6: Inserted garantia_id=3
=== GARANTIAS SAVE DEBUG 2026-01-07T15:57:16-05:00 ===
POST: Array
(
    [solicitud_id] => 5
    [cantidad] => Array
        (
            [0] => 1
        )

    [nombre] => Array
        (
            [0] => na
        )

    [modelo] => Array
        (
            [0] => na
        )

    [marca] => Array
        (
            [0] => na
        )

    [n_serie] => Array
        (
            [0] => na
        )

    [costo] => Array
        (
            [0] => 100.00
        )

    [tiempo_vida] => Array
        (
            [0] => 3
        )

    [total] => 100.00
)

_FILES: Array
(
    [fotos] => Array
        (
            [name] => Array
                (
                    [0] => Array
                        (
                            [0] => R.jpg
                        )

                )

            [type] => Array
                (
                    [0] => Array
                        (
                            [0] => image/jpeg
                        )

                )

            [tmp_name] => Array
                (
                    [0] => Array
                        (
                            [0] => C:\xampp\tmp\php9448.tmp
                        )

                )

            [error] => Array
                (
                    [0] => Array
                        (
                            [0] => 0
                        )

                )

            [size] => Array
                (
                    [0] => Array
                        (
                            [0] => 300328
                        )

                )

        )

)

RAW: 

CHECKPOINT 1: Loaded existing rows
CHECKPOINT 2: Got POST data
CHECKPOINT 3: rowCount=1
CHECKPOINT 4: Processing row 0
CHECKPOINT 5: Updated garantia_id=3
SAVE completed for solicitud_id=5
=== GARANTIAS SAVE DEBUG 2026-01-07T17:07:37-05:00 ===
POST: Array
(
    [solicitud_id] => 6
    [cantidad] => Array
        (
            [0] => 1
        )

    [nombre] => Array
        (
            [0] => Vitrina
        )

    [modelo] => Array
        (
            [0] => NA
        )

    [marca] => Array
        (
            [0] => NA
        )

    [n_serie] => Array
        (
            [0] => NA
        )

    [costo] => Array
        (
            [0] => 100
        )

    [tiempo_vida] => Array
        (
            [0] => 2
        )

    [total] => 100.00
)

_FILES: Array
(
    [fotos] => Array
        (
            [name] => Array
                (
                    [0] => Array
                        (
                            [0] => R.jpg
                        )

                )

            [type] => Array
                (
                    [0] => Array
                        (
                            [0] => image/jpeg
                        )

                )

            [tmp_name] => Array
                (
                    [0] => Array
                        (
                            [0] => C:\xampp\tmp\phpFD4A.tmp
                        )

                )

            [error] => Array
                (
                    [0] => Array
                        (
                            [0] => 0
                        )

                )

            [size] => Array
                (
                    [0] => Array
                        (
                            [0] => 300328
                        )

                )

        )

)

RAW: 

CHECKPOINT 1: Loaded existing rows
CHECKPOINT 2: Got POST data
CHECKPOINT 3: rowCount=1
CHECKPOINT 4: Processing row 0
CHECKPOINT 6: Inserted garantia_id=4
SAVE completed for solicitud_id=6
=== GARANTIAS SAVE DEBUG 2026-02-17T16:47:29-05:00 ===
POST: Array
(
    [solicitud_id] => 7
    [cantidad] => Array
        (
            [0] => 1
            [1] => 1
        )

    [nombre] => Array
        (
            [0] => Vitrina Horizontal
            [1] => Parlante
        )

    [modelo] => Array
        (
            [0] => Vidrio
            [1] => Bluethooth
        )

    [marca] => Array
        (
            [0] => Aluminio
            [1] => Mabe
        )

    [n_serie] => Array
        (
            [0] => 00100101NS
            [1] => 009099NS
        )

    [costo] => Array
        (
            [0] => 3500
            [1] => 6000
        )

    [tiempo_vida] => Array
        (
            [0] => 8
            [1] => 6
        )

    [total] => 9500.00
)

_FILES: Array
(
)

RAW: 

CHECKPOINT 1: Loaded existing rows
CHECKPOINT 2: Got POST data
CHECKPOINT 3: rowCount=2
CHECKPOINT 4: Processing row 0
CHECKPOINT 6: Inserted garantia_id=5
CHECKPOINT 4: Processing row 1
CHECKPOINT 6: Inserted garantia_id=6
SAVE completed for solicitud_id=7
=== GARANTIAS SAVE DEBUG 2026-03-03T08:56:07-05:00 ===
POST: Array
(
    [solicitud_id] => 1
    [cantidad] => Array
        (
            [0] => 1
        )

    [nombre] => Array
        (
            [0] => Garantia
        )

    [modelo] => Array
        (
            [0] => al
        )

    [marca] => Array
        (
            [0] => al
        )

    [n_serie] => Array
        (
            [0] => 001
        )

    [costo] => Array
        (
            [0] => 100
        )

    [tiempo_vida] => Array
        (
            [0] => 10
        )

    [total] => 100.00
)

_FILES: Array
(
)

RAW: 

CHECKPOINT 1: Loaded existing rows
CHECKPOINT 2: Got POST data
CHECKPOINT 3: rowCount=1
CHECKPOINT 4: Processing row 0
CHECKPOINT 6: Inserted garantia_id=1
SAVE completed for solicitud_id=1
=== GARANTIAS SAVE DEBUG 2026-03-03T17:53:32-05:00 ===
POST: Array
(
    [solicitud_id] => 4
    [cantidad] => Array
        (
            [0] => 1
        )

    [nombre] => Array
        (
            [0] => vitrina vertical
        )

    [modelo] => Array
        (
            [0] => vertical
        )

    [marca] => Array
        (
            [0] => 
        )

    [n_serie] => Array
        (
            [0] => 
        )

    [costo] => Array
        (
            [0] => 3000
        )

    [tiempo_vida] => Array
        (
            [0] => 5
        )

    [total] => 3000.00
)

_FILES: Array
(
)

RAW: 

CHECKPOINT 1: Loaded existing rows
CHECKPOINT 2: Got POST data
CHECKPOINT 3: rowCount=1
CHECKPOINT 4: Processing row 0
CHECKPOINT 6: Inserted garantia_id=2
SAVE completed for solicitud_id=4
=== GARANTIAS SAVE DEBUG 2026-03-10T13:53:12-05:00 ===
POST: Array
(
    [solicitud_id] => 1
    [cantidad] => Array
        (
            [0] => 1
        )

    [nombre] => Array
        (
            [0] => Garantia
        )

    [modelo] => Array
        (
            [0] => al
        )

    [marca] => Array
        (
            [0] => al
        )

    [n_serie] => Array
        (
            [0] => 001
        )

    [costo] => Array
        (
            [0] => 100.00
        )

    [tiempo_vida] => Array
        (
            [0] => 10
        )

    [total] => 100.00
)

_FILES: Array
(
    [fotos] => Array
        (
            [name] => Array
                (
                    [0] => Array
                        (
                            [0] => images.jpg
                        )

                )

            [type] => Array
                (
                    [0] => Array
                        (
                            [0] => image/jpeg
                        )

                )

            [tmp_name] => Array
                (
                    [0] => Array
                        (
                            [0] => C:\xampp\tmp\php97.tmp
                        )

                )

            [error] => Array
                (
                    [0] => Array
                        (
                            [0] => 0
                        )

                )

            [size] => Array
                (
                    [0] => Array
                        (
                            [0] => 3554
                        )

                )

        )

)

RAW: 

CHECKPOINT 1: Loaded existing rows
CHECKPOINT 2: Got POST data
CHECKPOINT 3: rowCount=1
CHECKPOINT 4: Processing row 0
CHECKPOINT 5: Updated garantia_id=1
SAVE completed for solicitud_id=1
=== GARANTIAS SAVE DEBUG 2026-03-12T15:28:00-05:00 ===
POST: Array
(
    [solicitud_id] => 1
    [cantidad] => Array
        (
            [0] => 1
        )

    [nombre] => Array
        (
            [0] => Garantia
        )

    [modelo] => Array
        (
            [0] => al
        )

    [marca] => Array
        (
            [0] => al
        )

    [n_serie] => Array
        (
            [0] => 001
        )

    [costo] => Array
        (
            [0] => 100.00
        )

    [tiempo_vida] => Array
        (
            [0] => 10
        )

    [total] => 100.00
)

_FILES: Array
(
    [fotos] => Array
        (
            [name] => Array
                (
                    [0] => Array
                        (
                            [0] => 4.jpg
                        )

                )

            [type] => Array
                (
                    [0] => Array
                        (
                            [0] => image/jpeg
                        )

                )

            [tmp_name] => Array
                (
                    [0] => Array
                        (
                            [0] => C:\xampp\tmp\php489E.tmp
                        )

                )

            [error] => Array
                (
                    [0] => Array
                        (
                            [0] => 0
                        )

                )

            [size] => Array
                (
                    [0] => Array
                        (
                            [0] => 4954
                        )

                )

        )

)

RAW: 

CHECKPOINT 1: Loaded existing rows
CHECKPOINT 2: Got POST data
CHECKPOINT 3: rowCount=1
CHECKPOINT 4: Processing row 0
CHECKPOINT 5: Updated garantia_id=1
SAVE completed for solicitud_id=1
=== GARANTIAS SAVE DEBUG 2026-03-12T15:28:26-05:00 ===
POST: Array
(
    [solicitud_id] => 1
    [cantidad] => Array
        (
            [0] => 1
        )

    [nombre] => Array
        (
            [0] => Garantia
        )

    [modelo] => Array
        (
            [0] => al
        )

    [marca] => Array
        (
            [0] => al
        )

    [n_serie] => Array
        (
            [0] => 001
        )

    [costo] => Array
        (
            [0] => 100.00
        )

    [tiempo_vida] => Array
        (
            [0] => 10
        )

    [total] => 100.00
)

_FILES: Array
(
    [fotos] => Array
        (
            [name] => Array
                (
                    [0] => Array
                        (
                            [0] => 3.jpg
                        )

                )

            [type] => Array
                (
                    [0] => Array
                        (
                            [0] => image/jpeg
                        )

                )

            [tmp_name] => Array
                (
                    [0] => Array
                        (
                            [0] => C:\xampp\tmp\phpA6DF.tmp
                        )

                )

            [error] => Array
                (
                    [0] => Array
                        (
                            [0] => 0
                        )

                )

            [size] => Array
                (
                    [0] => Array
                        (
                            [0] => 2533
                        )

                )

        )

)

RAW: 

CHECKPOINT 1: Loaded existing rows
CHECKPOINT 2: Got POST data
CHECKPOINT 3: rowCount=1
CHECKPOINT 4: Processing row 0
CHECKPOINT 5: Updated garantia_id=1
SAVE completed for solicitud_id=1
=== GARANTIAS SAVE DEBUG 2026-03-12T15:42:57-05:00 ===
POST: Array
(
    [solicitud_id] => 2
    [cantidad] => Array
        (
            [0] => 1
        )

    [nombre] => Array
        (
            [0] => Garantia
        )

    [modelo] => Array
        (
            [0] => nsjan
        )

    [marca] => Array
        (
            [0] => nsjnsa
        )

    [n_serie] => Array
        (
            [0] => njs
        )

    [costo] => Array
        (
            [0] => 2500
        )

    [tiempo_vida] => Array
        (
            [0] => 
        )

    [total] => 2500.00
)

_FILES: Array
(
    [fotos] => Array
        (
            [name] => Array
                (
                    [0] => Array
                        (
                            [0] => 4.jpg
                            [1] => 3.jpg
                            [2] => 2.jpg
                            [3] => 1.jpg
                        )

                )

            [type] => Array
                (
                    [0] => Array
                        (
                            [0] => image/jpeg
                            [1] => image/jpeg
                            [2] => image/jpeg
                            [3] => image/jpeg
                        )

                )

            [tmp_name] => Array
                (
                    [0] => Array
                        (
                            [0] => C:\xampp\tmp\phpF540.tmp
                            [1] => C:\xampp\tmp\phpF550.tmp
                            [2] => C:\xampp\tmp\phpF551.tmp
                            [3] => C:\xampp\tmp\phpF562.tmp
                        )

                )

            [error] => Array
                (
                    [0] => Array
                        (
                            [0] => 0
                            [1] => 0
                            [2] => 0
                            [3] => 0
                        )

                )

            [size] => Array
                (
                    [0] => Array
                        (
                            [0] => 4954
                            [1] => 2533
                            [2] => 5774
                            [3] => 6152
                        )

                )

        )

)

RAW: 

CHECKPOINT 1: Loaded existing rows
CHECKPOINT 2: Got POST data
CHECKPOINT 3: rowCount=1
CHECKPOINT 4: Processing row 0
CHECKPOINT 6: Inserted garantia_id=3
SAVE completed for solicitud_id=2
=== GARANTIAS SAVE DEBUG 2026-03-12T16:02:06-05:00 ===
POST: Array
(
    [solicitud_id] => 2
    [cantidad] => Array
        (
            [0] => 1
        )

    [nombre] => Array
        (
            [0] => Garantia
        )

    [modelo] => Array
        (
            [0] => nsjan
        )

    [marca] => Array
        (
            [0] => nsjnsa
        )

    [n_serie] => Array
        (
            [0] => njs
        )

    [costo] => Array
        (
            [0] => 2500.00
        )

    [tiempo_vida] => Array
        (
            [0] => 
        )

    [total] => 2500.00
)

_FILES: Array
(
    [fotos] => Array
        (
            [name] => Array
                (
                    [0] => Array
                        (
                            [0] => 4.jpg
                            [1] => 3.jpg
                            [2] => 2.jpg
                            [3] => 1.jpg
                        )

                )

            [type] => Array
                (
                    [0] => Array
                        (
                            [0] => image/jpeg
                            [1] => image/jpeg
                            [2] => image/jpeg
                            [3] => image/jpeg
                        )

                )

            [tmp_name] => Array
                (
                    [0] => Array
                        (
                            [0] => C:\xampp\tmp\php7F7A.tmp
                            [1] => C:\xampp\tmp\php7F8B.tmp
                            [2] => C:\xampp\tmp\php7F8C.tmp
                            [3] => C:\xampp\tmp\php7F8D.tmp
                        )

                )

            [error] => Array
                (
                    [0] => Array
                        (
                            [0] => 0
                            [1] => 0
                            [2] => 0
                            [3] => 0
                        )

                )

            [size] => Array
                (
                    [0] => Array
                        (
                            [0] => 4954
                            [1] => 2533
                            [2] => 5774
                            [3] => 6152
                        )

                )

        )

)

RAW: 

CHECKPOINT 1: Loaded existing rows
CHECKPOINT 2: Got POST data
CHECKPOINT 3: rowCount=1
CHECKPOINT 4: Processing row 0
CHECKPOINT 5: Updated garantia_id=3
SAVE completed for solicitud_id=2
=== GARANTIAS SAVE DEBUG 2026-03-12T16:03:00-05:00 ===
POST: Array
(
    [solicitud_id] => 2
    [cantidad] => Array
        (
            [0] => 1
            [1] => 1
        )

    [nombre] => Array
        (
            [0] => Garantia
            [1] => Garantia 2
        )

    [modelo] => Array
        (
            [0] => nsjan
            [1] => modl
        )

    [marca] => Array
        (
            [0] => nsjnsa
            [1] => nakd
        )

    [n_serie] => Array
        (
            [0] => njs
            [1] => nsi
        )

    [costo] => Array
        (
            [0] => 2500.00
            [1] => 3660
        )

    [tiempo_vida] => Array
        (
            [0] => 
            [1] => 
        )

    [total] => 6160.00
)

_FILES: Array
(
    [fotos] => Array
        (
            [name] => Array
                (
                    [1] => Array
                        (
                            [0] => 4.jpg
                            [1] => 3.jpg
                            [2] => 2.jpg
                            [3] => 1.jpg
                        )

                )

            [type] => Array
                (
                    [1] => Array
                        (
                            [0] => image/jpeg
                            [1] => image/jpeg
                            [2] => image/jpeg
                            [3] => image/jpeg
                        )

                )

            [tmp_name] => Array
                (
                    [1] => Array
                        (
                            [0] => C:\xampp\tmp\php5419.tmp
                            [1] => C:\xampp\tmp\php541A.tmp
                            [2] => C:\xampp\tmp\php541B.tmp
                            [3] => C:\xampp\tmp\php541C.tmp
                        )

                )

            [error] => Array
                (
                    [1] => Array
                        (
                            [0] => 0
                            [1] => 0
                            [2] => 0
                            [3] => 0
                        )

                )

            [size] => Array
                (
                    [1] => Array
                        (
                            [0] => 4954
                            [1] => 2533
                            [2] => 5774
                            [3] => 6152
                        )

                )

        )

)

RAW: 

CHECKPOINT 1: Loaded existing rows
CHECKPOINT 2: Got POST data
CHECKPOINT 3: rowCount=2
CHECKPOINT 4: Processing row 0
CHECKPOINT 5: Updated garantia_id=3
CHECKPOINT 4: Processing row 1
CHECKPOINT 6: Inserted garantia_id=4
SAVE completed for solicitud_id=2
=== GARANTIAS SAVE DEBUG 2026-03-13T15:18:52-05:00 ===
POST: Array
(
    [solicitud_id] => 21
    [cantidad] => Array
        (
            [0] => 
            [1] => 1
            [2] => 1
            [3] => 1
            [4] => 2
            [5] => 1
        )

    [nombre] => Array
        (
            [0] => 
            [1] => Televisor
            [2] => Refrigeradora 
            [3] => Vitrina 
            [4] => Vitrina 
            [5] => Frezzer
        )

    [modelo] => Array
        (
            [0] => 
            [1] => 
            [2] => 
            [3] => Vertical 
            [4] => Horizontal
            [5] => 
        )

    [marca] => Array
        (
            [0] => 
            [1] => Sony
            [2] => 
            [3] => 
            [4] => 
            [5] => 
        )

    [n_serie] => Array
        (
            [0] => 
            [1] => 
            [2] => 
            [3] => 
            [4] => 
            [5] => 
        )

    [costo] => Array
        (
            [0] => 
            [1] => 5000
            [2] => 8000
            [3] => 3500
            [4] => 5000
            [5] => 7000
        )

    [tiempo_vida] => Array
        (
            [0] => 
            [1] => 10
            [2] => 8
            [3] => 9
            [4] => 9
            [5] => 8
        )

    [total] => 0.00
)

_FILES: Array
(
)

RAW: 

CHECKPOINT 1: Loaded existing rows
CHECKPOINT 2: Got POST data
CHECKPOINT 3: rowCount=6
CHECKPOINT 4: Processing row 0
CHECKPOINT 4: Processing row 1
CHECKPOINT 6: Inserted garantia_id=70
CHECKPOINT 4: Processing row 2
CHECKPOINT 6: Inserted garantia_id=71
CHECKPOINT 4: Processing row 3
CHECKPOINT 6: Inserted garantia_id=72
CHECKPOINT 4: Processing row 4
CHECKPOINT 6: Inserted garantia_id=73
CHECKPOINT 4: Processing row 5
CHECKPOINT 6: Inserted garantia_id=74
SAVE completed for solicitud_id=21
=== GARANTIAS SAVE DEBUG 2026-03-13T15:21:59-05:00 ===
POST: Array
(
    [solicitud_id] => 21
    [cantidad] => Array
        (
            [0] => 1
            [1] => 1
            [2] => 1
            [3] => 2
            [4] => 1
        )

    [nombre] => Array
        (
            [0] => Televisor
            [1] => Refrigeradora
            [2] => Vitrina
            [3] => Vitrina
            [4] => Frezzer
        )

    [modelo] => Array
        (
            [0] => 
            [1] => 
            [2] => Vertical
            [3] => Horizontal
            [4] => 
        )

    [marca] => Array
        (
            [0] => Sony
            [1] => 
            [2] => 
            [3] => 
            [4] => 
        )

    [n_serie] => Array
        (
            [0] => 
            [1] => 
            [2] => 
            [3] => 
            [4] => 
        )

    [costo] => Array
        (
            [0] => 5000.00
            [1] => 8000.00
            [2] => 3500.00
            [3] => 5000.00
            [4] => 7000.00
        )

    [tiempo_vida] => Array
        (
            [0] => 10
            [1] => 8
            [2] => 9
            [3] => 9
            [4] => 8
        )

    [total] => 33500.00
)

_FILES: Array
(
    [fotos] => Array
        (
            [name] => Array
                (
                    [0] => Array
                        (
                            [0] => 1000060463.jpg
                        )

                )

            [type] => Array
                (
                    [0] => Array
                        (
                            [0] => image/jpeg
                        )

                )

            [tmp_name] => Array
                (
                    [0] => Array
                        (
                            [0] => /tmp/php99HFcA
                        )

                )

            [error] => Array
                (
                    [0] => Array
                        (
                            [0] => 0
                        )

                )

            [size] => Array
                (
                    [0] => Array
                        (
                            [0] => 163971
                        )

                )

        )

)

RAW: 

CHECKPOINT 1: Loaded existing rows
CHECKPOINT 2: Got POST data
CHECKPOINT 3: rowCount=5
CHECKPOINT 4: Processing row 0
CHECKPOINT 5: Updated garantia_id=70
CHECKPOINT 4: Processing row 1
CHECKPOINT 5: Updated garantia_id=71
CHECKPOINT 4: Processing row 2
CHECKPOINT 5: Updated garantia_id=72
CHECKPOINT 4: Processing row 3
CHECKPOINT 5: Updated garantia_id=73
CHECKPOINT 4: Processing row 4
CHECKPOINT 5: Updated garantia_id=74
SAVE completed for solicitud_id=21
=== GARANTIAS SAVE DEBUG 2026-03-13T20:33:47-05:00 ===
POST: Array
(
    [solicitud_id] => 23
    [cantidad] => Array
        (
            [0] => 
            [1] => 3
            [2] => 1
            [3] => 1
            [4] => 1
        )

    [nombre] => Array
        (
            [0] => 
            [1] => Sillas de sala de belleza 
            [2] => Baño maria
            [3] => Televisor 
            [4] => Freezer 
        )

    [modelo] => Array
        (
            [0] => 
            [1] => 
            [2] => 
            [3] => 
            [4] => 
        )

    [marca] => Array
        (
            [0] => 
            [1] => 
            [2] => 
            [3] => Jvc
            [4] => Premier
        )

    [n_serie] => Array
        (
            [0] => 
            [1] => 
            [2] => 
            [3] => 
            [4] => 
        )

    [costo] => Array
        (
            [0] => 
            [1] => 25000
            [2] => 12000
            [3] => 6000
            [4] => 8000
        )

    [tiempo_vida] => Array
        (
            [0] => 
            [1] => 9
            [2] => 8
            [3] => 9
            [4] => 7
        )

    [total] => 0.00
)

_FILES: Array
(
)

RAW: 

CHECKPOINT 1: Loaded existing rows
CHECKPOINT 2: Got POST data
CHECKPOINT 3: rowCount=5
CHECKPOINT 4: Processing row 0
CHECKPOINT 4: Processing row 1
CHECKPOINT 6: Inserted garantia_id=75
CHECKPOINT 4: Processing row 2
CHECKPOINT 6: Inserted garantia_id=76
CHECKPOINT 4: Processing row 3
CHECKPOINT 6: Inserted garantia_id=77
CHECKPOINT 4: Processing row 4
CHECKPOINT 6: Inserted garantia_id=78
SAVE completed for solicitud_id=23
=== GARANTIAS SAVE DEBUG 2026-03-13T21:14:41-05:00 ===
POST: Array
(
    [solicitud_id] => 24
    [cantidad] => Array
        (
            [0] => 
            [1] => 1
            [2] => 2
            [3] => 1
            [4] => 1
            [5] => 
            [6] => 1
        )

    [nombre] => Array
        (
            [0] => 
            [1] => Lavadora
            [2] => Televisores 
            [3] => Microondas 
            [4] => Microondas 
            [5] => Teatro en casa
            [6] => Refrigeradora 
        )

    [modelo] => Array
        (
            [0] => 
            [1] => 
            [2] => 
            [3] => 
            [4] => 
            [5] => 
            [6] => 
        )

    [marca] => Array
        (
            [0] => 
            [1] => LG
            [2] => RCA
            [3] => Oster
            [4] => Sankey
            [5] => 
            [6] => LG
        )

    [n_serie] => Array
        (
            [0] => 
            [1] => 
            [2] => 
            [3] => 
            [4] => 
            [5] => 
            [6] => 
        )

    [costo] => Array
        (
            [0] => 
            [1] => 8500
            [2] => 9000
            [3] => 4000
            [4] => 5000
            [5] => 2500
            [6] => 9000
        )

    [tiempo_vida] => Array
        (
            [0] => 
            [1] => 7
            [2] => 8
            [3] => 9
            [4] => 9
            [5] => 8
            [6] => 8
        )

    [total] => 0.00
)

_FILES: Array
(
)

RAW: 

CHECKPOINT 1: Loaded existing rows
CHECKPOINT 2: Got POST data
CHECKPOINT 3: rowCount=7
CHECKPOINT 4: Processing row 0
CHECKPOINT 4: Processing row 1
CHECKPOINT 6: Inserted garantia_id=79
CHECKPOINT 4: Processing row 2
CHECKPOINT 6: Inserted garantia_id=80
CHECKPOINT 4: Processing row 3
CHECKPOINT 6: Inserted garantia_id=81
CHECKPOINT 4: Processing row 4
CHECKPOINT 6: Inserted garantia_id=82
CHECKPOINT 4: Processing row 5
CHECKPOINT 6: Inserted garantia_id=83
CHECKPOINT 4: Processing row 6
CHECKPOINT 6: Inserted garantia_id=84
SAVE completed for solicitud_id=24
=== GARANTIAS SAVE DEBUG 2026-04-23T13:12:59-05:00 ===
POST: Array
(
    [solicitud_id] => 24
    [cantidad] => Array
        (
            [0] => 1
            [1] => 2
            [2] => 1
            [3] => 1
            [4] => 0
            [5] => 1
        )

    [nombre] => Array
        (
            [0] => Lavadora
            [1] => Televisores
            [2] => Microondas
            [3] => Microondas
            [4] => Teatro en casa
            [5] => Refrigeradora
        )

    [modelo] => Array
        (
            [0] => 
            [1] => 
            [2] => 
            [3] => 
            [4] => 
            [5] => 
        )

    [marca] => Array
        (
            [0] => LG
            [1] => RCA
            [2] => Oster
            [3] => Sankey
            [4] => 
            [5] => LG
        )

    [n_serie] => Array
        (
            [0] => 
            [1] => 
            [2] => 
            [3] => 
            [4] => 
            [5] => 
        )

    [costo] => Array
        (
            [0] => 8500.00
            [1] => 9000.00
            [2] => 4000.00
            [3] => 5000.00
            [4] => 2500.00
            [5] => 9000.00
        )

    [tiempo_vida] => Array
        (
            [0] => 7
            [1] => 8
            [2] => 9
            [3] => 9
            [4] => 8
            [5] => 8
        )

    [total] => 44500.00
)

_FILES: Array
(
    [fotos] => Array
        (
            [name] => Array
                (
                    [0] => Array
                        (
                            [0] => Error al Mayorizar (Aplicación de Asientos).png
                        )

                    [1] => Array
                        (
                            [0] => 20260421_083657 (1).jpg
                        )

                    [2] => Array
                        (
                            [0] => modulo CP.jfif
                        )

                    [3] => Array
                        (
                            [0] => 20260421_083657.jpg
                        )

                )

            [type] => Array
                (
                    [0] => Array
                        (
                            [0] => image/png
                        )

                    [1] => Array
                        (
                            [0] => image/jpeg
                        )

                    [2] => Array
                        (
                            [0] => image/jpeg
                        )

                    [3] => Array
                        (
                            [0] => image/jpeg
                        )

                )

            [tmp_name] => Array
                (
                    [0] => Array
                        (
                            [0] => C:\xampp\tmp\phpB6DD.tmp
                        )

                    [1] => Array
                        (
                            [0] => C:\xampp\tmp\phpB6DE.tmp
                        )

                    [2] => Array
                        (
                            [0] => C:\xampp\tmp\phpB76C.tmp
                        )

                    [3] => Array
                        (
                            [0] => C:\xampp\tmp\phpB77D.tmp
                        )

                )

            [error] => Array
                (
                    [0] => Array
                        (
                            [0] => 0
                        )

                    [1] => Array
                        (
                            [0] => 0
                        )

                    [2] => Array
                        (
                            [0] => 0
                        )

                    [3] => Array
                        (
                            [0] => 0
                        )

                )

            [size] => Array
                (
                    [0] => Array
                        (
                            [0] => 20742
                        )

                    [1] => Array
                        (
                            [0] => 4588635
                        )

                    [2] => Array
                        (
                            [0] => 24105
                        )

                    [3] => Array
                        (
                            [0] => 4588635
                        )

                )

        )

)

RAW: 

CHECKPOINT 1: Loaded existing rows
CHECKPOINT 2: Got POST data
CHECKPOINT 3: rowCount=6
CHECKPOINT 4: Processing row 0
CHECKPOINT 5: Updated garantia_id=79
CHECKPOINT 4: Processing row 1
CHECKPOINT 5: Updated garantia_id=80
CHECKPOINT 4: Processing row 2
CHECKPOINT 5: Updated garantia_id=81
CHECKPOINT 4: Processing row 3
CHECKPOINT 5: Updated garantia_id=82
CHECKPOINT 4: Processing row 4
CHECKPOINT 5: Updated garantia_id=83
CHECKPOINT 4: Processing row 5
CHECKPOINT 5: Updated garantia_id=84
SAVE completed for solicitud_id=24
=== GARANTIAS SAVE DEBUG 2026-05-13T10:20:50-05:00 ===
POST: Array
(
    [solicitud_id] => 1
    [cantidad] => Array
        (
            [0] => 1
        )

    [nombre] => Array
        (
            [0] => garantia
        )

    [modelo] => Array
        (
            [0] => modelo
        )

    [marca] => Array
        (
            [0] => marca
        )

    [n_serie] => Array
        (
            [0] => serie
        )

    [costo] => Array
        (
            [0] => 32000
        )

    [tiempo_vida] => Array
        (
            [0] => 
        )

    [total] => 32000.00
)

_FILES: Array
(
)

RAW: 

CHECKPOINT 1: Loaded existing rows
CHECKPOINT 2: Got POST data
CHECKPOINT 3: rowCount=1
CHECKPOINT 4: Processing row 0
CHECKPOINT 6: Inserted garantia_id=1
SAVE completed for solicitud_id=1
